<?xml version="1.0"?>
<testsuite tests="15" skipped="0" errors="0" failures="0" time="0.006496834" timestamp="2025-06-28T02:26:55Z" hostname="Rob-Coles-Mac.local">
  <testcase file="/Users/robcole/dev/h2o/spec/compliance_validation_spec.cr" classname="spec.compliance_validation_spec" name="HTTP/2 Strict Validation Compliance Frame Size Validation rejects frames exceeding maximum size" line="8" time="0.002128333"/>
  <testcase file="/Users/robcole/dev/h2o/spec/compliance_validation_spec.cr" classname="spec.compliance_validation_spec" name="HTTP/2 Strict Validation Compliance Frame Size Validation accepts frames within size limit" line="29" time="9.1416e-5"/>
  <testcase file="/Users/robcole/dev/h2o/spec/compliance_validation_spec.cr" classname="spec.compliance_validation_spec" name="HTTP/2 Strict Validation Compliance Stream ID Validation rejects DATA frame with stream ID 0" line="50" time="4.075e-5"/>
  <testcase file="/Users/robcole/dev/h2o/spec/compliance_validation_spec.cr" classname="spec.compliance_validation_spec" name="HTTP/2 Strict Validation Compliance Stream ID Validation rejects PING frame with non-zero stream ID" line="67" time="6.2584e-5"/>
  <testcase file="/Users/robcole/dev/h2o/spec/compliance_validation_spec.cr" classname="spec.compliance_validation_spec" name="HTTP/2 Strict Validation Compliance Frame Flag Validation rejects SETTINGS frame with invalid flags" line="87" time="5.225e-5"/>
  <testcase file="/Users/robcole/dev/h2o/spec/compliance_validation_spec.cr" classname="spec.compliance_validation_spec" name="HTTP/2 Strict Validation Compliance Frame Flag Validation rejects GOAWAY frame with any flags" line="109" time="5.8792e-5"/>
  <testcase file="/Users/robcole/dev/h2o/spec/compliance_validation_spec.cr" classname="spec.compliance_validation_spec" name="HTTP/2 Strict Validation Compliance SETTINGS Validation validates SETTINGS_ENABLE_PUSH values through frame parsing" line="129" time="5.292e-6"/>
  <testcase file="/Users/robcole/dev/h2o/spec/compliance_validation_spec.cr" classname="spec.compliance_validation_spec" name="HTTP/2 Strict Validation Compliance SETTINGS Validation validates SETTINGS_MAX_FRAME_SIZE range through frame parsing" line="152" time="2.959e-6"/>
  <testcase file="/Users/robcole/dev/h2o/spec/compliance_validation_spec.cr" classname="spec.compliance_validation_spec" name="HTTP/2 Strict Validation Compliance Flow Control Validation rejects WINDOW_UPDATE with zero increment" line="176" time="3.4875e-5"/>
  <testcase file="/Users/robcole/dev/h2o/spec/compliance_validation_spec.cr" classname="spec.compliance_validation_spec" name="HTTP/2 Strict Validation Compliance Flow Control Validation validates window size overflow" line="193" time="2.3333e-5"/>
  <testcase file="/Users/robcole/dev/h2o/spec/compliance_validation_spec.cr" classname="spec.compliance_validation_spec" name="HTTP/2 Strict Validation Compliance HPACK Validation rejects oversized header list" line="201" time="0.00014375"/>
  <testcase file="/Users/robcole/dev/h2o/spec/compliance_validation_spec.cr" classname="spec.compliance_validation_spec" name="HTTP/2 Strict Validation Compliance HPACK Validation rejects invalid header names" line="213" time="6.3083e-5"/>
  <testcase file="/Users/robcole/dev/h2o/spec/compliance_validation_spec.cr" classname="spec.compliance_validation_spec" name="HTTP/2 Strict Validation Compliance HPACK Validation rejects invalid pseudo-headers" line="223" time="2.6292e-5"/>
  <testcase file="/Users/robcole/dev/h2o/spec/compliance_validation_spec.cr" classname="spec.compliance_validation_spec" name="HTTP/2 Strict Validation Compliance Client Error Handling handles connection timeouts gracefully" line="237" time="0.002130042"/>
  <testcase file="/Users/robcole/dev/h2o/spec/compliance_validation_spec.cr" classname="spec.compliance_validation_spec" name="HTTP/2 Strict Validation Compliance Compliance Summary demonstrates strict validation improvements" line="265" time="4.625e-5"/>
</testsuite>